
> ecommerce@0.0.0 start C:\Users\HP\Ecommerce
> ng serve "--host" "127.0.0.1"


Initial Chunk Files   | Names         |  Raw Size
vendor.js             | vendor        |   3.33 MB |
styles.css, styles.js | styles        | 526.98 kB |
polyfills.js          | polyfills     | 238.12 kB |
main.js               | main          | 107.06 kB |
runtime.js            | runtime       |   6.50 kB |

| Initial Total |   4.18 MB

Build at: 2026-05-30T11:06:44.597Z - Hash: faa983a1686addb2 - Time: 9423ms

** Angular Live Development Server is listening on 127.0.0.1:4200, open your browser on http://127.0.0.1:4200/ **


√ Compiled successfully.

Initial Chunk Files | Names   |  Raw Size
main.js             | main    | 107.09 kB |
runtime.js          | runtime |   6.50 kB |

3 unchanged chunks

Build at: 2026-05-30T11:16:14.243Z - Hash: dc29ee8fc0a52ab7 - Time: 3465ms

× Failed to compile.

5 unchanged chunks

Build at: 2026-05-30T11:16:14.878Z - Hash: dc29ee8fc0a52ab7 - Time: 566ms

× Failed to compile.
